1	147971108	147971159	id-1	-0.590000
1	147971146	147971197	id-2	0.120000
1	147971184	147971235	id-3	0.110000
1	147971222	147971273	id-4	-0.760000
1	147971260	147971311	id-5	-0.200000
1	147971298	147971349	id-6	-0.300000
1	147971336	147971387	id-7	0.090000
1	147971374	147971425	id-8	-0.510000
1	147971412	147971463	id-9	-0.000000
1	147971450	147971501	id-10	-0.090000
