chr3	400600	400605	id-1	11.000000
chr3	400700	400705	id-2	22.000000
chr3	400800	400805	id-3	33.000000
