3	400600	400601	id-1	11.000000
3	400700	400701	id-2	22.000000
3	400800	400801	id-3	33.000000
