2	300700	300701	id-1	12.500000
2	300701	300702	id-2	12.500000
2	300702	300703	id-3	12.500000
2	300703	300704	id-4	12.500000
2	300704	300705	id-5	12.500000
