1	147971108	147971159	foo.1-1	-0.590000
1	147971146	147971197	foo.1-2	0.120000
1	147971184	147971235	foo.1-3	0.110000
1	147971222	147971273	foo.1-4	-0.760000
1	147971260	147971311	foo.1-5	-0.200000
1	147971298	147971349	foo.1-6	-0.300000
1	147971336	147971387	foo.1-7	0.090000
1	147971374	147971425	foo.1-8	-0.510000
1	147971412	147971463	foo.1-9	-0.000000
1	147971450	147971501	foo.1-10	-0.090000
X	99	104	foo.2-11	1.900000
X	109	114	foo.2-12	2.300000
X	119	124	foo.2-13	-0.100000
X	129	134	foo.2-14	1.100000
X	139	144	foo.2-15	4.100000
_header	0	1	foo.1	track type=wiggle_0 name=foo description=foo
_header	1	2	foo.2	track type=wiggle_0 name=testfixed
_header	2	3	foo.2	fixedStep chrom=X start=100 step=10 span=5
