  SW  perc perc perc  query    position in query     matching repeat      position in  repeat
score div. del. ins.  sequence begin  end  (left)    repeat  class/family   begin end (left) ID
...
 7120 19.9 0.6 0.3 NT_001227  85631  87837 (19816) + L1PA16    LINE/L1       1 1885 (4964)  123  
 2503 14.9 6.5 0.7 NT_001227  87839  88241 (19412) + MSTA      LTR/MaLR      1  428    (0)  100  
  867 12.9 2.7 0.0 NT_001227  88242  88388 (19265) + MSTA-int  LTR/MaLR      1  151 (1500)  100 *
 5219 19.5 2.9 0.6 NT_001227  88386  89342 (18311) + MSTA-int  LTR/MaLR    629 1607   (44)  100  
 8003  3.5 0.8 0.0 NT_001227  89362  90773 (16880) C L1PA3     LINE/L1     (0) 6155   4745  103  
 7677  3.5 0.0 0.0 NT_001227  90795  94059 (13594) C L1PA3     LINE/L1     (0) 6155   2872  104  
 9050  6.5 0.4 0.1 NT_001227  94060  95127 (12526) C MER11C    LTR/ERVK    (0) 1071      1  106  
 7677  3.5 0.0 0.0 NT_001227  95128  97101 (10552) C L1PA3     LINE/L1  (3282) 2873    900  104  
 5619  7.8 0.3 0.9 NT_001227  97097  97865  (9788) C L1PA3     LINE/L1  (5370)  776     13  104 *
  320 16.9 0.0 1.7 NT_001227  97876  97934  (9719) + MSTA-int  LTR/MaLR   1594 1651    (0)  100  
 1475 19.0 4.8 5.6 NT_001227  97935  98255  (9398) + MSTA      LTR/MaLR      1  323   (48)  100  
 2322 14.4 0.8 1.6 NT_001227  98256  98629  (9024) + THE1C     LTR/MaLR      1  371    (0)  112  
10051 12.9 3.5 4.3 NT_001227  98630 100221  (7432) + THE1C-int LTR/MaLR      1 1580    (0)  112  
 2359 15.7 0.3 1.9 NT_001227 100224 100598  (7055) + THE1C     LTR/MaLR      3  371    (0)  112  
 1475 19.0 4.8 5.6 NT_001227 100599 100646  (7007) + MSTA      LTR/MaLR    323  371    (0)  100  
 1360 19.4 8.2 1.7 NT_001227 100662 100955  (6698) + MSTA      LTR/MaLR    114  426    (0)  113  
11892 24.7 1.9 2.0 NT_001227 100968 101243  (6410) + L1PA16    LINE/L1    1881 2143 (4706)  123  
 2062 11.9 8.4 0.0 NT_001227 101244 101563  (6090) C L1PA12    LINE/L1    (10) 6164   5818  116  
11892 24.7 1.9 2.0 NT_001227 101564 105425  (2228) + L1PA16    LINE/L1    2137 5989  (860)  123  
  257  0.0 0.0 2.9 NT_001227 105436 105469  (2184) + (TAA)n    Simple        2   34    (0)  118  
 2189 18.2 0.2 0.7 NT_001227 105470 105893  (1760) + L1PA16    LINE/L1    6062 6483  (386)  123  
  255  6.1 0.0 0.0 NT_001227 105896 105928  (1725) + (TA)n     Simple        1   33    (0)  120 *
  369  0.0 0.0 0.0 NT_001227 105928 105968  (1685) + (GA)n     Simple        2   42    (0)  121  
  305 18.8 0.0 1.0 NT_001227 105971 106066  (1587) + (TA)n     Simple        2   96    (0)  122  
 1589 21.2 1.6 1.1 NT_001227 106068 106449  (1204) + L1PA16    LINE/L1    6485 6868    (1)  123
