  SW  perc perc perc  query    position in query     matching repeat      position in  repeat
score div. del. ins.  sequence begin  end  (left)    repeat  class/family   begin end (left) ID
...
 1320 15.6  6.2  0.0  HSU08988  6563 6781 (22462) C  MER7A   DNA/MER2_type    (0)  337  104  20
12279 10.5  2.1  1.7  HSU08988  6782 7718 (21525) C  Tigger1 DNA/MER2_type    (0) 2418 1486  19
 1769 12.9  6.6  1.9  HSU08988  7719 8022 (21221) C  AluSx   SINE/Alu         (0)  317    1  17
12279 10.5  2.1  1.7  HSU08988  8023 8694 (20549) C  Tigger1 DNA/MER2_type  (932) 1486  818  19
 2335 11.1  0.3  0.7  HSU08988  8695 9000 (20243) C  AluSg   SINE/Alu         (5)  305    1  18
12279 10.5  2.1  1.7  HSU08988  9001 9695 (19548) C  Tigger1 DNA/MER2_type (1600)  818    2  19
  721 21.2  1.4  0.0  HSU08988  9696 9816 (19427) C  MER7A   DNA/MER2_type  (224)  122    2  20
